Starting a Gradle Daemon, 2 busy and 1 incompatible Daemons could not be reused, use --status for details

> Configure project :
Fabric Loom: 1.15.4

> Task :compileJava UP-TO-DATE
> Task :processResources UP-TO-DATE
> Task :classes UP-TO-DATE

> Task :compileClientJava
D:\Minecraft Mod Projects\plant-hitbox\src\client\java\com\jandbdavenport\cobblestonehelper\features\BazaarManager.java:236: error: cannot find symbol
	private static void addPositionButton(net.minecraft.client.gui.Screen screen) {
	                                                              ^
  symbol:   class Screen
  location: package net.minecraft.client.gui
D:\Minecraft Mod Projects\plant-hitbox\src\client\java\com\jandbdavenport\cobblestonehelper\features\BazaarManager.java:94: error: incompatible types: incompatible parameter types in lambda expression
			ScreenEvents.afterRender(screen).register(ctx -> {
			                                          ^
D:\Minecraft Mod Projects\plant-hitbox\src\client\java\com\jandbdavenport\cobblestonehelper\features\BazaarManager.java:141: error: method getTooltip in class ItemStack cannot be applied to given types;
			List<Text> tooltip = stack.getTooltip(MinecraftClient.getInstance().player, MinecraftClient.getInstance().options.advancedItemTooltips ? net.minecraft.client.item.TooltipType.ADVANCED : net.minecraft.client.item.TooltipType.BASIC);
			                          ^
  required: TooltipContext,PlayerEntity,TooltipType
  found:    ClientPlayerEntity,MinecraftC[...]BASIC
  reason: actual and formal argument lists differ in length
D:\Minecraft Mod Projects\plant-hitbox\src\client\java\com\jandbdavenport\cobblestonehelper\features\BazaarManager.java:141: error: cannot find symbol
			List<Text> tooltip = stack.getTooltip(MinecraftClient.getInstance().player, MinecraftClient.getInstance().options.advancedItemTooltips ? net.minecraft.client.item.TooltipType.ADVANCED : net.minecraft.client.item.TooltipType.BASIC);
			                                                                                                                                                                  ^
  symbol:   class TooltipType
  location: package net.minecraft.client.item
D:\Minecraft Mod Projects\plant-hitbox\src\client\java\com\jandbdavenport\cobblestonehelper\features\BazaarManager.java:141: error: cannot find symbol
			List<Text> tooltip = stack.getTooltip(MinecraftClient.getInstance().player, MinecraftClient.getInstance().options.advancedItemTooltips ? net.minecraft.client.item.TooltipType.ADVANCED : net.minecraft.client.item.TooltipType.BASIC);
			                                                                                                                                                                                                                   ^
  symbol:   class TooltipType
  location: package net.minecraft.client.item
D:\Minecraft Mod Projects\plant-hitbox\src\client\java\com\jandbdavenport\cobblestonehelper\features\BazaarManager.java:141: error: incompatible types: ClientPlayerEntity cannot be converted to TooltipContext
			List<Text> tooltip = stack.getTooltip(MinecraftClient.getInstance().player, MinecraftClient.getInstance().options.advancedItemTooltips ? net.minecraft.client.item.TooltipType.ADVANCED : net.minecraft.client.item.TooltipType.BASIC);
			                                                                   ^
D:\Minecraft Mod Projects\plant-hitbox\src\client\java\com\jandbdavenport\cobblestonehelper\features\BazaarManager.java:196: error: incompatible types: Optional<String> cannot be converted to String
				String nbt = nbtComp.copyNbt().asString();
				                                       ^
D:\Minecraft Mod Projects\plant-hitbox\src\client\java\com\jandbdavenport\cobblestonehelper\features\BazaarManager.java:240: error: cannot find symbol
				MinecraftClient.getInstance().setScreen(new BazaarOverlayPositionScreen());
				                                            ^
  symbol:   class BazaarOverlayPositionScreen
  location: class BazaarManager
Note: Some messages have been simplified; recompile with -Xdiags:verbose to get full output
8 errors

> Task :compileClientJava FAILED

[Incubating] Problems report is available at: file:///D:/Minecraft%20Mod%20Projects/plant-hitbox/build/reports/problems/problems-report.html

FAILURE: Build failed with an exception.

* What went wrong:
Execution failed for task ':compileClientJava'.
> Compilation failed; see the compiler output below.
  D:\Minecraft Mod Projects\plant-hitbox\src\client\java\com\jandbdavenport\cobblestonehelper\features\BazaarManager.java:141: error: method getTooltip in class ItemStack cannot be applied to given types;
  			List<Text> tooltip = stack.getTooltip(MinecraftClient.getInstance().player, MinecraftClient.getInstance().options.advancedItemTooltips ? net.minecraft.client.item.TooltipType.ADVANCED : net.minecraft.client.item.TooltipType.BASIC);
  			                          ^
    required: TooltipContext,PlayerEntity,TooltipType
    found:    ClientPlayerEntity,MinecraftC[...]BASIC
    reason: actual and formal argument lists differ in length
  D:\Minecraft Mod Projects\plant-hitbox\src\client\java\com\jandbdavenport\cobblestonehelper\features\BazaarManager.java:94: error: incompatible types: incompatible parameter types in lambda expression
  			ScreenEvents.afterRender(screen).register(ctx -> {
  			                                          ^
  D:\Minecraft Mod Projects\plant-hitbox\src\client\java\com\jandbdavenport\cobblestonehelper\features\BazaarManager.java:141: error: incompatible types: ClientPlayerEntity cannot be converted to TooltipContext
  			List<Text> tooltip = stack.getTooltip(MinecraftClient.getInstance().player, MinecraftClient.getInstance().options.advancedItemTooltips ? net.minecraft.client.item.TooltipType.ADVANCED : net.minecraft.client.item.TooltipType.BASIC);
  			                                                                   ^
  D:\Minecraft Mod Projects\plant-hitbox\src\client\java\com\jandbdavenport\cobblestonehelper\features\BazaarManager.java:196: error: incompatible types: Optional<String> cannot be converted to String
  				String nbt = nbtComp.copyNbt().asString();
  				                                       ^
  D:\Minecraft Mod Projects\plant-hitbox\src\client\java\com\jandbdavenport\cobblestonehelper\features\BazaarManager.java:236: error: cannot find symbol
  	private static void addPositionButton(net.minecraft.client.gui.Screen screen) {
  	                                                              ^
    symbol:   class Screen
    location: package net.minecraft.client.gui
  D:\Minecraft Mod Projects\plant-hitbox\src\client\java\com\jandbdavenport\cobblestonehelper\features\BazaarManager.java:141: error: cannot find symbol
  			List<Text> tooltip = stack.getTooltip(MinecraftClient.getInstance().player, MinecraftClient.getInstance().options.advancedItemTooltips ? net.minecraft.client.item.TooltipType.ADVANCED : net.minecraft.client.item.TooltipType.BASIC);
  			                                                                                                                                                                  ^
    symbol:   class TooltipType
    location: package net.minecraft.client.item
  D:\Minecraft Mod Projects\plant-hitbox\src\client\java\com\jandbdavenport\cobblestonehelper\features\BazaarManager.java:141: error: cannot find symbol
  			List<Text> tooltip = stack.getTooltip(MinecraftClient.getInstance().player, MinecraftClient.getInstance().options.advancedItemTooltips ? net.minecraft.client.item.TooltipType.ADVANCED : net.minecraft.client.item.TooltipType.BASIC);
  			                                                                                                                                                                                                                   ^
    symbol:   class TooltipType
    location: package net.minecraft.client.item
  D:\Minecraft Mod Projects\plant-hitbox\src\client\java\com\jandbdavenport\cobblestonehelper\features\BazaarManager.java:240: error: cannot find symbol
  				MinecraftClient.getInstance().setScreen(new BazaarOverlayPositionScreen());
  				                                            ^
    symbol:   class BazaarOverlayPositionScreen
    location: class BazaarManager
  Note: Some messages have been simplified; recompile with -Xdiags:verbose to get full output
  8 errors

* Try:
> Check your code and dependencies to fix the compilation error(s)
> Run with --scan to generate a Build Scan (powered by Develocity).

BUILD FAILED in 14s
3 actionable tasks: 1 executed, 2 up-to-date
